1 - token inválido
